--------------------------------------------------------------------------------
Release 14.7 Trace  (nt64)
Copyright (c) 1995-2013 Xilinx, Inc.  All rights reserved.

F:\Xilinx\14.7\ISE_DS\ISE\bin\nt64\unwrapped\trce.exe -intstyle ise -v 3 -s 3
-n 3 -fastpaths -xml lab1.twx lab1.ncd -o lab1.twr lab1.pcf

Design file:              lab1.ncd
Physical constraint file: lab1.pcf
Device,package,speed:     xc7a100t,csg324,C,-3 (PRODUCTION 1.10 2013-10-13)
Report level:             verbose report

Environment Variable      Effect 
--------------------      ------ 
NONE                      No environment variables were set
--------------------------------------------------------------------------------

INFO:Timing:2698 - No timing constraints found, doing default enumeration.
INFO:Timing:3412 - To improve timing, see the Timing Closure User Guide (UG612).
INFO:Timing:2752 - To get complete path coverage, use the unconstrained paths 
   option. All paths that are not constrained will be reported in the 
   unconstrained paths section(s) of the report.
INFO:Timing:3339 - The clock-to-out numbers in this timing report are based on 
   a 50 Ohm transmission line loading model.  For the details of this model, 
   and for more information on accounting for different loading conditions, 
   please see the device datasheet.



Data Sheet report:
-----------------
All values displayed in nanoseconds (ns)

Pad to Pad
---------------+---------------+---------+
Source Pad     |Destination Pad|  Delay  |
---------------+---------------+---------+
A<0>           |P<0>           |    6.799|
A<0>           |P<1>           |    7.043|
A<0>           |P<2>           |    7.163|
A<0>           |P<3>           |    7.065|
A<0>           |P<4>           |    7.364|
A<0>           |P<5>           |    7.481|
A<0>           |P<6>           |    7.361|
A<0>           |P<7>           |    7.549|
A<0>           |P<8>           |    7.559|
A<0>           |P<9>           |    7.625|
A<0>           |P<10>          |    7.749|
A<0>           |P<11>          |    7.666|
A<0>           |P<12>          |    7.657|
A<0>           |P<13>          |    7.618|
A<0>           |P<14>          |    7.882|
A<0>           |P<15>          |    7.870|
A<1>           |P<1>           |    6.352|
A<1>           |P<2>           |    6.631|
A<1>           |P<3>           |    6.533|
A<1>           |P<4>           |    6.824|
A<1>           |P<5>           |    6.941|
A<1>           |P<6>           |    6.821|
A<1>           |P<7>           |    7.009|
A<1>           |P<8>           |    7.019|
A<1>           |P<9>           |    7.085|
A<1>           |P<10>          |    7.209|
A<1>           |P<11>          |    7.126|
A<1>           |P<12>          |    7.117|
A<1>           |P<13>          |    7.078|
A<1>           |P<14>          |    7.342|
A<1>           |P<15>          |    7.330|
A<2>           |P<2>           |    6.846|
A<2>           |P<3>           |    6.781|
A<2>           |P<4>           |    7.171|
A<2>           |P<5>           |    7.288|
A<2>           |P<6>           |    7.168|
A<2>           |P<7>           |    7.356|
A<2>           |P<8>           |    7.366|
A<2>           |P<9>           |    7.432|
A<2>           |P<10>          |    7.556|
A<2>           |P<11>          |    7.473|
A<2>           |P<12>          |    7.464|
A<2>           |P<13>          |    7.425|
A<2>           |P<14>          |    7.689|
A<2>           |P<15>          |    7.677|
A<3>           |P<3>           |    6.595|
A<3>           |P<4>           |    7.063|
A<3>           |P<5>           |    7.180|
A<3>           |P<6>           |    7.060|
A<3>           |P<7>           |    7.248|
A<3>           |P<8>           |    7.258|
A<3>           |P<9>           |    7.324|
A<3>           |P<10>          |    7.448|
A<3>           |P<11>          |    7.365|
A<3>           |P<12>          |    7.356|
A<3>           |P<13>          |    7.317|
A<3>           |P<14>          |    7.581|
A<3>           |P<15>          |    7.569|
A<4>           |P<4>           |    6.473|
A<4>           |P<5>           |    6.635|
A<4>           |P<6>           |    6.668|
A<4>           |P<7>           |    6.848|
A<4>           |P<8>           |    6.946|
A<4>           |P<9>           |    7.012|
A<4>           |P<10>          |    7.136|
A<4>           |P<11>          |    7.053|
A<4>           |P<12>          |    7.044|
A<4>           |P<13>          |    7.005|
A<4>           |P<14>          |    7.269|
A<4>           |P<15>          |    7.257|
A<5>           |P<5>           |    6.233|
A<5>           |P<6>           |    6.425|
A<5>           |P<7>           |    6.605|
A<5>           |P<8>           |    6.695|
A<5>           |P<9>           |    6.761|
A<5>           |P<10>          |    6.885|
A<5>           |P<11>          |    6.802|
A<5>           |P<12>          |    6.793|
A<5>           |P<13>          |    6.754|
A<5>           |P<14>          |    7.018|
A<5>           |P<15>          |    7.006|
A<6>           |P<6>           |    6.085|
A<6>           |P<7>           |    6.398|
A<6>           |P<8>           |    6.524|
A<6>           |P<9>           |    6.590|
A<6>           |P<10>          |    6.714|
A<6>           |P<11>          |    6.631|
A<6>           |P<12>          |    6.622|
A<6>           |P<13>          |    6.583|
A<6>           |P<14>          |    6.847|
A<6>           |P<15>          |    6.835|
A<7>           |P<7>           |    6.243|
A<7>           |P<8>           |    6.536|
A<7>           |P<9>           |    6.602|
A<7>           |P<10>          |    6.726|
A<7>           |P<11>          |    6.643|
A<7>           |P<12>          |    6.634|
A<7>           |P<13>          |    6.595|
A<7>           |P<14>          |    6.859|
A<7>           |P<15>          |    6.847|
A<8>           |P<8>           |    6.600|
A<8>           |P<9>           |    6.711|
A<8>           |P<10>          |    6.988|
A<8>           |P<11>          |    6.897|
A<8>           |P<12>          |    6.976|
A<8>           |P<13>          |    6.937|
A<8>           |P<14>          |    7.201|
A<8>           |P<15>          |    7.189|
A<9>           |P<9>           |    6.532|
A<9>           |P<10>          |    6.968|
A<9>           |P<11>          |    6.877|
A<9>           |P<12>          |    6.948|
A<9>           |P<13>          |    6.909|
A<9>           |P<14>          |    7.173|
A<9>           |P<15>          |    7.161|
A<10>          |P<10>          |    6.608|
A<10>          |P<11>          |    6.550|
A<10>          |P<12>          |    6.720|
A<10>          |P<13>          |    6.681|
A<10>          |P<14>          |    6.945|
A<10>          |P<15>          |    6.933|
A<11>          |P<11>          |    6.477|
A<11>          |P<12>          |    6.725|
A<11>          |P<13>          |    6.686|
A<11>          |P<14>          |    6.950|
A<11>          |P<15>          |    6.938|
A<12>          |P<12>          |    6.123|
A<12>          |P<13>          |    6.129|
A<12>          |P<14>          |    6.546|
A<12>          |P<15>          |    6.526|
A<13>          |P<13>          |    6.274|
A<13>          |P<14>          |    6.850|
A<13>          |P<15>          |    6.830|
A<14>          |P<14>          |    6.200|
A<14>          |P<15>          |    6.214|
A<15>          |P<15>          |    6.447|
B<0>           |P<0>           |    6.087|
B<0>           |P<1>           |    6.331|
B<0>           |P<2>           |    6.451|
B<0>           |P<3>           |    6.353|
B<0>           |P<4>           |    6.652|
B<0>           |P<5>           |    6.769|
B<0>           |P<6>           |    6.649|
B<0>           |P<7>           |    6.837|
B<0>           |P<8>           |    6.847|
B<0>           |P<9>           |    6.913|
B<0>           |P<10>          |    7.037|
B<0>           |P<11>          |    6.954|
B<0>           |P<12>          |    6.945|
B<0>           |P<13>          |    6.906|
B<0>           |P<14>          |    7.170|
B<0>           |P<15>          |    7.158|
B<1>           |P<1>           |    5.770|
B<1>           |P<2>           |    6.049|
B<1>           |P<3>           |    5.951|
B<1>           |P<4>           |    6.242|
B<1>           |P<5>           |    6.359|
B<1>           |P<6>           |    6.239|
B<1>           |P<7>           |    6.427|
B<1>           |P<8>           |    6.437|
B<1>           |P<9>           |    6.503|
B<1>           |P<10>          |    6.627|
B<1>           |P<11>          |    6.544|
B<1>           |P<12>          |    6.535|
B<1>           |P<13>          |    6.496|
B<1>           |P<14>          |    6.760|
B<1>           |P<15>          |    6.748|
B<2>           |P<2>           |    6.149|
B<2>           |P<3>           |    6.084|
B<2>           |P<4>           |    6.474|
B<2>           |P<5>           |    6.591|
B<2>           |P<6>           |    6.471|
B<2>           |P<7>           |    6.659|
B<2>           |P<8>           |    6.669|
B<2>           |P<9>           |    6.735|
B<2>           |P<10>          |    6.859|
B<2>           |P<11>          |    6.776|
B<2>           |P<12>          |    6.767|
B<2>           |P<13>          |    6.728|
B<2>           |P<14>          |    6.992|
B<2>           |P<15>          |    6.980|
B<3>           |P<3>           |    5.945|
B<3>           |P<4>           |    6.413|
B<3>           |P<5>           |    6.530|
B<3>           |P<6>           |    6.410|
B<3>           |P<7>           |    6.598|
B<3>           |P<8>           |    6.608|
B<3>           |P<9>           |    6.674|
B<3>           |P<10>          |    6.798|
B<3>           |P<11>          |    6.715|
B<3>           |P<12>          |    6.706|
B<3>           |P<13>          |    6.667|
B<3>           |P<14>          |    6.931|
B<3>           |P<15>          |    6.919|
B<4>           |P<4>           |    5.858|
B<4>           |P<5>           |    6.020|
B<4>           |P<6>           |    6.053|
B<4>           |P<7>           |    6.233|
B<4>           |P<8>           |    6.331|
B<4>           |P<9>           |    6.397|
B<4>           |P<10>          |    6.521|
B<4>           |P<11>          |    6.438|
B<4>           |P<12>          |    6.429|
B<4>           |P<13>          |    6.390|
B<4>           |P<14>          |    6.654|
B<4>           |P<15>          |    6.642|
B<5>           |P<5>           |    6.102|
B<5>           |P<6>           |    6.294|
B<5>           |P<7>           |    6.474|
B<5>           |P<8>           |    6.564|
B<5>           |P<9>           |    6.630|
B<5>           |P<10>          |    6.754|
B<5>           |P<11>          |    6.671|
B<5>           |P<12>          |    6.662|
B<5>           |P<13>          |    6.623|
B<5>           |P<14>          |    6.887|
B<5>           |P<15>          |    6.875|
B<6>           |P<6>           |    6.132|
B<6>           |P<7>           |    6.345|
B<6>           |P<8>           |    6.534|
B<6>           |P<9>           |    6.600|
B<6>           |P<10>          |    6.724|
B<6>           |P<11>          |    6.641|
B<6>           |P<12>          |    6.632|
B<6>           |P<13>          |    6.593|
B<6>           |P<14>          |    6.857|
B<6>           |P<15>          |    6.845|
B<7>           |P<7>           |    6.118|
B<7>           |P<8>           |    6.385|
B<7>           |P<9>           |    6.451|
B<7>           |P<10>          |    6.575|
B<7>           |P<11>          |    6.492|
B<7>           |P<12>          |    6.483|
B<7>           |P<13>          |    6.444|
B<7>           |P<14>          |    6.708|
B<7>           |P<15>          |    6.696|
B<8>           |P<8>           |    5.971|
B<8>           |P<9>           |    6.082|
B<8>           |P<10>          |    6.359|
B<8>           |P<11>          |    6.268|
B<8>           |P<12>          |    6.347|
B<8>           |P<13>          |    6.308|
B<8>           |P<14>          |    6.572|
B<8>           |P<15>          |    6.560|
B<9>           |P<9>           |    5.793|
B<9>           |P<10>          |    6.229|
B<9>           |P<11>          |    6.138|
B<9>           |P<12>          |    6.209|
B<9>           |P<13>          |    6.170|
B<9>           |P<14>          |    6.434|
B<9>           |P<15>          |    6.422|
B<10>          |P<10>          |    5.983|
B<10>          |P<11>          |    5.925|
B<10>          |P<12>          |    6.095|
B<10>          |P<13>          |    6.056|
B<10>          |P<14>          |    6.320|
B<10>          |P<15>          |    6.308|
B<11>          |P<11>          |    6.307|
B<11>          |P<12>          |    6.555|
B<11>          |P<13>          |    6.516|
B<11>          |P<14>          |    6.780|
B<11>          |P<15>          |    6.768|
B<12>          |P<12>          |    6.237|
B<12>          |P<13>          |    6.243|
B<12>          |P<14>          |    6.660|
B<12>          |P<15>          |    6.640|
B<13>          |P<13>          |    6.303|
B<13>          |P<14>          |    6.879|
B<13>          |P<15>          |    6.859|
B<14>          |P<14>          |    6.667|
B<14>          |P<15>          |    6.680|
B<15>          |P<15>          |    6.576|
---------------+---------------+---------+


Analysis completed Fri Jan 22 21:04:21 2021 
--------------------------------------------------------------------------------

Trace Settings:
-------------------------
Trace Settings 

Peak Memory Usage: 5004 MB



