Release 14.7 - xst P.20131013 (nt64)
Copyright (c) 1995-2013 Xilinx, Inc.  All rights reserved.
--> Parameter TMPDIR set to xst/projnav.tmp


Total REAL time to Xst completion: 0.00 secs
Total CPU time to Xst completion: 0.17 secs
 
--> Parameter xsthdpdir set to xst


Total REAL time to Xst completion: 0.00 secs
Total CPU time to Xst completion: 0.17 secs
 
--> Reading design: multicyclefsm.prj

TABLE OF CONTENTS
  1) Synthesis Options Summary
  2) HDL Parsing
  3) HDL Elaboration
  4) HDL Synthesis
       4.1) HDL Synthesis Report
  5) Advanced HDL Synthesis
       5.1) Advanced HDL Synthesis Report
  6) Low Level Synthesis
  7) Partition Report
  8) Design Summary
       8.1) Primitive and Black Box Usage
       8.2) Device utilization summary
       8.3) Partition Resource Summary
       8.4) Timing Report
            8.4.1) Clock Information
            8.4.2) Asynchronous Control Signals Information
            8.4.3) Timing Summary
            8.4.4) Timing Details
            8.4.5) Cross Clock Domains Report


=========================================================================
*                      Synthesis Options Summary                        *
=========================================================================
---- Source Parameters
Input File Name                    : "multicyclefsm.prj"
Ignore Synthesis Constraint File   : NO

---- Target Parameters
Output File Name                   : "multicyclefsm"
Output Format                      : NGC
Target Device                      : xc7a100t-3-csg324

---- Source Options
Top Module Name                    : multicyclefsm
Automatic FSM Extraction           : YES
FSM Encoding Algorithm             : Auto
Safe Implementation                : No
FSM Style                          : LUT
RAM Extraction                     : Yes
RAM Style                          : Auto
ROM Extraction                     : Yes
Shift Register Extraction          : YES
ROM Style                          : Auto
Resource Sharing                   : YES
Asynchronous To Synchronous        : NO
Shift Register Minimum Size        : 2
Use DSP Block                      : Auto
Automatic Register Balancing       : No

---- Target Options
LUT Combining                      : Auto
Reduce Control Sets                : Auto
Add IO Buffers                     : YES
Global Maximum Fanout              : 100000
Add Generic Clock Buffer(BUFG)     : 32
Register Duplication               : YES
Optimize Instantiated Primitives   : NO
Use Clock Enable                   : Auto
Use Synchronous Set                : Auto
Use Synchronous Reset              : Auto
Pack IO Registers into IOBs        : Auto
Equivalent register Removal        : YES

---- General Options
Optimization Goal                  : Speed
Optimization Effort                : 1
Power Reduction                    : NO
Keep Hierarchy                     : No
Netlist Hierarchy                  : As_Optimized
RTL Output                         : Yes
Global Optimization                : AllClockNets
Read Cores                         : YES
Write Timing Constraints           : NO
Cross Clock Analysis               : NO
Hierarchy Separator                : /
Bus Delimiter                      : <>
Case Specifier                     : Maintain
Slice Utilization Ratio            : 100
BRAM Utilization Ratio             : 100
DSP48 Utilization Ratio            : 100
Auto BRAM Packing                  : NO
Slice Utilization Ratio Delta      : 5

=========================================================================


=========================================================================
*                          HDL Parsing                                  *
=========================================================================
Parsing VHDL file "C:\Users\XingyouLee\OneDrive\Program\VHDL\multi\multicyclefsm.vhd" into library work
Parsing entity <multicyclefsm>.
Parsing architecture <Behavioral> of entity <multicyclefsm>.

=========================================================================
*                            HDL Elaboration                            *
=========================================================================

Elaborating entity <multicyclefsm> (architecture <Behavioral>) from library <work>.

=========================================================================
*                           HDL Synthesis                               *
=========================================================================

Synthesizing Unit <multicyclefsm>.
    Related source file is "C:\Users\XingyouLee\OneDrive\Program\VHDL\multi\multicyclefsm.vhd".
    Found 4-bit register for signal <statenum>.
    Found 16x17-bit Read Only RAM for signal <_n0091>
WARNING:Xst:737 - Found 1-bit latch for signal <memwrite>. Latches may be generated from incomplete case or if statements. We do not recommend the use of latches in FPGA/CPLD designs, as they may lead to timing problems.
WARNING:Xst:737 - Found 1-bit latch for signal <iord>. Latches may be generated from incomplete case or if statements. We do not recommend the use of latches in FPGA/CPLD designs, as they may lead to timing problems.
WARNING:Xst:737 - Found 1-bit latch for signal <irwrite>. Latches may be generated from incomplete case or if statements. We do not recommend the use of latches in FPGA/CPLD designs, as they may lead to timing problems.
WARNING:Xst:737 - Found 1-bit latch for signal <alusrcb<1>>. Latches may be generated from incomplete case or if statements. We do not recommend the use of latches in FPGA/CPLD designs, as they may lead to timing problems.
WARNING:Xst:737 - Found 1-bit latch for signal <alusrcb<0>>. Latches may be generated from incomplete case or if statements. We do not recommend the use of latches in FPGA/CPLD designs, as they may lead to timing problems.
WARNING:Xst:737 - Found 1-bit latch for signal <pcwrite>. Latches may be generated from incomplete case or if statements. We do not recommend the use of latches in FPGA/CPLD designs, as they may lead to timing problems.
WARNING:Xst:737 - Found 1-bit latch for signal <pcsource<1>>. Latches may be generated from incomplete case or if statements. We do not recommend the use of latches in FPGA/CPLD designs, as they may lead to timing problems.
WARNING:Xst:737 - Found 1-bit latch for signal <pcsource<0>>. Latches may be generated from incomplete case or if statements. We do not recommend the use of latches in FPGA/CPLD designs, as they may lead to timing problems.
WARNING:Xst:737 - Found 1-bit latch for signal <next_state<3>>. Latches may be generated from incomplete case or if statements. We do not recommend the use of latches in FPGA/CPLD designs, as they may lead to timing problems.
WARNING:Xst:737 - Found 1-bit latch for signal <next_state<2>>. Latches may be generated from incomplete case or if statements. We do not recommend the use of latches in FPGA/CPLD designs, as they may lead to timing problems.
WARNING:Xst:737 - Found 1-bit latch for signal <next_state<1>>. Latches may be generated from incomplete case or if statements. We do not recommend the use of latches in FPGA/CPLD designs, as they may lead to timing problems.
WARNING:Xst:737 - Found 1-bit latch for signal <next_state<0>>. Latches may be generated from incomplete case or if statements. We do not recommend the use of latches in FPGA/CPLD designs, as they may lead to timing problems.
WARNING:Xst:737 - Found 1-bit latch for signal <alusrca>. Latches may be generated from incomplete case or if statements. We do not recommend the use of latches in FPGA/CPLD designs, as they may lead to timing problems.
WARNING:Xst:737 - Found 1-bit latch for signal <aluop<1>>. Latches may be generated from incomplete case or if statements. We do not recommend the use of latches in FPGA/CPLD designs, as they may lead to timing problems.
WARNING:Xst:737 - Found 1-bit latch for signal <aluop<0>>. Latches may be generated from incomplete case or if statements. We do not recommend the use of latches in FPGA/CPLD designs, as they may lead to timing problems.
WARNING:Xst:737 - Found 1-bit latch for signal <regdst>. Latches may be generated from incomplete case or if statements. We do not recommend the use of latches in FPGA/CPLD designs, as they may lead to timing problems.
WARNING:Xst:737 - Found 1-bit latch for signal <regwrite>. Latches may be generated from incomplete case or if statements. We do not recommend the use of latches in FPGA/CPLD designs, as they may lead to timing problems.
WARNING:Xst:737 - Found 1-bit latch for signal <memtoreg>. Latches may be generated from incomplete case or if statements. We do not recommend the use of latches in FPGA/CPLD designs, as they may lead to timing problems.
WARNING:Xst:737 - Found 1-bit latch for signal <memread>. Latches may be generated from incomplete case or if statements. We do not recommend the use of latches in FPGA/CPLD designs, as they may lead to timing problems.
    Summary:
	inferred   1 RAM(s).
	inferred   4 D-type flip-flop(s).
	inferred  19 Latch(s).
	inferred  24 Multiplexer(s).
Unit <multicyclefsm> synthesized.

=========================================================================
HDL Synthesis Report

Macro Statistics
# RAMs                                                 : 1
 16x17-bit single-port Read Only RAM                   : 1
# Registers                                            : 1
 4-bit register                                        : 1
# Latches                                              : 19
 1-bit latch                                           : 19
# Multiplexers                                         : 24
 1-bit 2-to-1 multiplexer                              : 24

=========================================================================

=========================================================================
*                       Advanced HDL Synthesis                          *
=========================================================================

WARNING:Xst:1710 - FF/Latch <memread> (without init value) has a constant value of 1 in block <multicyclefsm>. This FF/Latch will be trimmed during the optimization process.
WARNING:Xst:1710 - FF/Latch <irwrite> (without init value) has a constant value of 1 in block <multicyclefsm>. This FF/Latch will be trimmed during the optimization process.
WARNING:Xst:1710 - FF/Latch <pcwrite> (without init value) has a constant value of 1 in block <multicyclefsm>. This FF/Latch will be trimmed during the optimization process.
WARNING:Xst:1710 - FF/Latch <pcsource_0> (without init value) has a constant value of 0 in block <multicyclefsm>. This FF/Latch will be trimmed during the optimization process.
WARNING:Xst:1710 - FF/Latch <aluop_0> (without init value) has a constant value of 0 in block <multicyclefsm>. This FF/Latch will be trimmed during the optimization process.
WARNING:Xst:1710 - FF/Latch <regwrite> (without init value) has a constant value of 1 in block <multicyclefsm>. This FF/Latch will be trimmed during the optimization process.

Synthesizing (advanced) Unit <multicyclefsm>.
INFO:Xst:3218 - HDL ADVISOR - The RAM <Mram__n0091> will be implemented on LUTs either because you have described an asynchronous read or because of currently unsupported block RAM features. If you have described an asynchronous read, making it synchronous would allow you to take advantage of available block RAM resources, for optimized device usage and improved timings. Please refer to your documentation for coding guidelines.
    -----------------------------------------------------------------------
    | ram_type           | Distributed                         |          |
    -----------------------------------------------------------------------
    | Port A                                                              |
    |     aspect ratio   | 16-word x 17-bit                    |          |
    |     weA            | connected to signal <GND>           | high     |
    |     addrA          | connected to signal <statenum>      |          |
    |     diA            | connected to signal <GND>           |          |
    |     doA            | connected to internal node          |          |
    -----------------------------------------------------------------------
Unit <multicyclefsm> synthesized (advanced).

=========================================================================
Advanced HDL Synthesis Report

Macro Statistics
# RAMs                                                 : 1
 16x17-bit single-port distributed Read Only RAM       : 1
# Registers                                            : 4
 Flip-Flops                                            : 4
# Multiplexers                                         : 24
 1-bit 2-to-1 multiplexer                              : 24

=========================================================================

=========================================================================
*                         Low Level Synthesis                           *
=========================================================================
WARNING:Xst:1710 - FF/Latch <memread> (without init value) has a constant value of 1 in block <multicyclefsm>. This FF/Latch will be trimmed during the optimization process.
WARNING:Xst:1710 - FF/Latch <irwrite> (without init value) has a constant value of 1 in block <multicyclefsm>. This FF/Latch will be trimmed during the optimization process.
WARNING:Xst:1710 - FF/Latch <pcwrite> (without init value) has a constant value of 1 in block <multicyclefsm>. This FF/Latch will be trimmed during the optimization process.
WARNING:Xst:1710 - FF/Latch <pcsource_0> (without init value) has a constant value of 0 in block <multicyclefsm>. This FF/Latch will be trimmed during the optimization process.
WARNING:Xst:1710 - FF/Latch <aluop_0> (without init value) has a constant value of 0 in block <multicyclefsm>. This FF/Latch will be trimmed during the optimization process.
WARNING:Xst:1710 - FF/Latch <regwrite> (without init value) has a constant value of 1 in block <multicyclefsm>. This FF/Latch will be trimmed during the optimization process.

Optimizing unit <multicyclefsm> ...

Mapping all equations...
Building and optimizing final netlist ...
Found area constraint ratio of 100 (+ 5) on block multicyclefsm, actual ratio is 0.
FlipFlop present_state_3 has been replicated 1 time(s) to handle iob=true attribute.
FlipFlop present_state_2 has been replicated 1 time(s) to handle iob=true attribute.
FlipFlop present_state_1 has been replicated 1 time(s) to handle iob=true attribute.
FlipFlop present_state_0 has been replicated 1 time(s) to handle iob=true attribute.

Final Macro Processing ...

=========================================================================
Final Register Report

Macro Statistics
# Registers                                            : 8
 Flip-Flops                                            : 8

=========================================================================

=========================================================================
*                           Partition Report                            *
=========================================================================

Partition Implementation Status
-------------------------------

  No Partitions were found in this design.

-------------------------------

=========================================================================
*                            Design Summary                             *
=========================================================================

Top Level Output File Name         : multicyclefsm.ngc

Primitive and Black Box Usage:
------------------------------
# BELS                             : 28
#      GND                         : 1
#      LUT3                        : 2
#      LUT4                        : 17
#      LUT5                        : 3
#      LUT6                        : 3
#      MUXF7                       : 1
#      VCC                         : 1
# FlipFlops/Latches                : 21
#      FDC                         : 8
#      LD                          : 13
# Clock Buffers                    : 1
#      BUFGP                       : 1
# IO Buffers                       : 26
#      IBUF                        : 7
#      OBUF                        : 19

Device utilization summary:
---------------------------

Selected Device : 7a100tcsg324-3 


Slice Logic Utilization: 
 Number of Slice Registers:               8  out of  126800     0%  
 Number of Slice LUTs:                   25  out of  63400     0%  
    Number used as Logic:                25  out of  63400     0%  

Slice Logic Distribution: 
 Number of LUT Flip Flop pairs used:     27
   Number with an unused Flip Flop:      19  out of     27    70%  
   Number with an unused LUT:             2  out of     27     7%  
   Number of fully used LUT-FF pairs:     6  out of     27    22%  
   Number of unique control sets:         8

IO Utilization: 
 Number of IOs:                          28
 Number of bonded IOBs:                  27  out of    210    12%  
    IOB Flip Flops/Latches:              13

Specific Feature Utilization:
 Number of BUFG/BUFGCTRLs:                1  out of     32     3%  

---------------------------
Partition Resource Summary:
---------------------------

  No Partitions were found in this design.

---------------------------


=========================================================================
Timing Report

NOTE: THESE TIMING NUMBERS ARE ONLY A SYNTHESIS ESTIMATE.
      FOR ACCURATE TIMING INFORMATION PLEASE REFER TO THE TRACE REPORT
      GENERATED AFTER PLACE-and-ROUTE.

Clock Information:
------------------
-------------------------------------------------------------------------------+------------------------+-------+
Clock Signal                                                                   | Clock buffer(FF name)  | Load  |
-------------------------------------------------------------------------------+------------------------+-------+
present_state[3]_GND_13_o_Mux_45_o(Mmux_present_state[3]_GND_13_o_Mux_45_o14:O)| NONE(*)(next_state_3)  | 4     |
clk                                                                            | BUFGP                  | 8     |
Mram__n009113(Mram__n0091131:O)                                                | NONE(*)(memwrite)      | 1     |
Mram__n009111(Mram__n00911111:O)                                               | NONE(*)(iord)          | 1     |
Mram__n00919(Mram__n009191:O)                                                  | NONE(*)(alusrcb_1)     | 2     |
Mram__n00913(Mram__n009131:O)                                                  | NONE(*)(alusrca)       | 2     |
Mram__n00917(Mram__n009171:O)                                                  | NONE(*)(pcsource_1)    | 1     |
Mram__n0091(Mram__n009113:O)                                                   | NONE(*)(regdst)        | 2     |
-------------------------------------------------------------------------------+------------------------+-------+
(*) These 7 clock signal(s) are generated by combinatorial logic,
and XST is not able to identify which are the primary clock signals.
Please use the CLOCK_SIGNAL constraint to specify the clock signal(s) generated by combinatorial logic.
INFO:Xst:2169 - HDL ADVISOR - Some clock signals were not automatically buffered by XST with BUFG/BUFR resources. Please use the buffer_type constraint in order to insert these buffers to the clock signals to help prevent skew problems.

Asynchronous Control Signals Information:
----------------------------------------
No asynchronous control signals found in this design

Timing Summary:
---------------
Speed Grade: -3

   Minimum period: No path found
   Minimum input arrival time before clock: 1.335ns
   Maximum output required time after clock: 0.751ns
   Maximum combinational path delay: No path found

Timing Details:
---------------
All values displayed in nanoseconds (ns)

=========================================================================
Timing constraint: Default OFFSET IN BEFORE for Clock 'present_state[3]_GND_13_o_Mux_45_o'
  Total number of paths / destination ports: 22 / 4
-------------------------------------------------------------------------
Offset:              1.335ns (Levels of Logic = 3)
  Source:            op<2> (PAD)
  Destination:       next_state_2 (LATCH)
  Destination Clock: present_state[3]_GND_13_o_Mux_45_o falling

  Data Path: op<2> to next_state_2
                                Gate     Net
    Cell:in->out      fanout   Delay   Delay  Logical Name (Net Name)
    ----------------------------------------  ------------
     IBUF:I->O             2   0.001   0.561  op_2_IBUF (op_2_IBUF)
     LUT4:I0->O            6   0.097   0.579  Mmux_present_state[3]_next_state[0]_Mux_50_o111 (Mmux_present_state[3]_next_state[0]_Mux_50_o11)
     LUT5:I1->O            1   0.097   0.000  Mmux_present_state[3]_next_state[1]_Mux_48_o1 (present_state[3]_next_state[1]_Mux_48_o)
     LD:D                     -0.028          next_state_1
    ----------------------------------------
    Total                      1.335ns (0.195ns logic, 1.140ns route)
                                       (14.6% logic, 85.4% route)

=========================================================================
Timing constraint: Default OFFSET IN BEFORE for Clock 'clk'
  Total number of paths / destination ports: 8 / 8
-------------------------------------------------------------------------
Offset:              0.661ns (Levels of Logic = 1)
  Source:            reset (PAD)
  Destination:       present_state_0 (FF)
  Destination Clock: clk rising

  Data Path: reset to present_state_0
                                Gate     Net
    Cell:in->out      fanout   Delay   Delay  Logical Name (Net Name)
    ----------------------------------------  ------------
     IBUF:I->O             8   0.001   0.311  reset_IBUF (reset_IBUF)
     FDC:CLR                   0.349          present_state_0
    ----------------------------------------
    Total                      0.661ns (0.350ns logic, 0.311ns route)
                                       (52.9% logic, 47.1% route)

=========================================================================
Timing constraint: Default OFFSET OUT AFTER for Clock 'Mram__n00917'
  Total number of paths / destination ports: 1 / 1
-------------------------------------------------------------------------
Offset:              0.751ns (Levels of Logic = 1)
  Source:            pcsource_1 (LATCH)
  Destination:       pcsource<1> (PAD)
  Source Clock:      Mram__n00917 falling

  Data Path: pcsource_1 to pcsource<1>
                                Gate     Net
    Cell:in->out      fanout   Delay   Delay  Logical Name (Net Name)
    ----------------------------------------  ------------
     LD:G->Q               1   0.472   0.279  pcsource_1 (pcsource_1)
     OBUF:I->O                 0.000          pcsource_1_OBUF (pcsource<1>)
    ----------------------------------------
    Total                      0.751ns (0.472ns logic, 0.279ns route)
                                       (62.8% logic, 37.2% route)

=========================================================================
Timing constraint: Default OFFSET OUT AFTER for Clock 'Mram__n00913'
  Total number of paths / destination ports: 2 / 2
-------------------------------------------------------------------------
Offset:              0.751ns (Levels of Logic = 1)
  Source:            aluop_1 (LATCH)
  Destination:       aluop<1> (PAD)
  Source Clock:      Mram__n00913 falling

  Data Path: aluop_1 to aluop<1>
                                Gate     Net
    Cell:in->out      fanout   Delay   Delay  Logical Name (Net Name)
    ----------------------------------------  ------------
     LD:G->Q               1   0.472   0.279  aluop_1 (aluop_1)
     OBUF:I->O                 0.000          aluop_1_OBUF (aluop<1>)
    ----------------------------------------
    Total                      0.751ns (0.472ns logic, 0.279ns route)
                                       (62.8% logic, 37.2% route)

=========================================================================
Timing constraint: Default OFFSET OUT AFTER for Clock 'Mram__n00919'
  Total number of paths / destination ports: 2 / 2
-------------------------------------------------------------------------
Offset:              0.751ns (Levels of Logic = 1)
  Source:            alusrcb_1 (LATCH)
  Destination:       alusrcb<1> (PAD)
  Source Clock:      Mram__n00919 falling

  Data Path: alusrcb_1 to alusrcb<1>
                                Gate     Net
    Cell:in->out      fanout   Delay   Delay  Logical Name (Net Name)
    ----------------------------------------  ------------
     LD:G->Q               1   0.472   0.279  alusrcb_1 (alusrcb_1)
     OBUF:I->O                 0.000          alusrcb_1_OBUF (alusrcb<1>)
    ----------------------------------------
    Total                      0.751ns (0.472ns logic, 0.279ns route)
                                       (62.8% logic, 37.2% route)

=========================================================================
Timing constraint: Default OFFSET OUT AFTER for Clock 'clk'
  Total number of paths / destination ports: 4 / 4
-------------------------------------------------------------------------
Offset:              0.640ns (Levels of Logic = 1)
  Source:            present_state_3_1 (FF)
  Destination:       statenum<3> (PAD)
  Source Clock:      clk rising

  Data Path: present_state_3_1 to statenum<3>
                                Gate     Net
    Cell:in->out      fanout   Delay   Delay  Logical Name (Net Name)
    ----------------------------------------  ------------
     FDC:C->Q              1   0.361   0.279  present_state_3_1 (present_state_3_1)
     OBUF:I->O                 0.000          statenum_3_OBUF (statenum<3>)
    ----------------------------------------
    Total                      0.640ns (0.361ns logic, 0.279ns route)
                                       (56.4% logic, 43.6% route)

=========================================================================
Timing constraint: Default OFFSET OUT AFTER for Clock 'Mram__n009111'
  Total number of paths / destination ports: 1 / 1
-------------------------------------------------------------------------
Offset:              0.751ns (Levels of Logic = 1)
  Source:            iord (LATCH)
  Destination:       iord (PAD)
  Source Clock:      Mram__n009111 falling

  Data Path: iord to iord
                                Gate     Net
    Cell:in->out      fanout   Delay   Delay  Logical Name (Net Name)
    ----------------------------------------  ------------
     LD:G->Q               1   0.472   0.279  iord (iord_OBUF)
     OBUF:I->O                 0.000          iord_OBUF (iord)
    ----------------------------------------
    Total                      0.751ns (0.472ns logic, 0.279ns route)
                                       (62.8% logic, 37.2% route)

=========================================================================
Timing constraint: Default OFFSET OUT AFTER for Clock 'Mram__n009113'
  Total number of paths / destination ports: 1 / 1
-------------------------------------------------------------------------
Offset:              0.751ns (Levels of Logic = 1)
  Source:            memwrite (LATCH)
  Destination:       memwrite (PAD)
  Source Clock:      Mram__n009113 falling

  Data Path: memwrite to memwrite
                                Gate     Net
    Cell:in->out      fanout   Delay   Delay  Logical Name (Net Name)
    ----------------------------------------  ------------
     LD:G->Q               1   0.472   0.279  memwrite (memwrite_OBUF)
     OBUF:I->O                 0.000          memwrite_OBUF (memwrite)
    ----------------------------------------
    Total                      0.751ns (0.472ns logic, 0.279ns route)
                                       (62.8% logic, 37.2% route)

=========================================================================
Timing constraint: Default OFFSET OUT AFTER for Clock 'Mram__n0091'
  Total number of paths / destination ports: 2 / 2
-------------------------------------------------------------------------
Offset:              0.751ns (Levels of Logic = 1)
  Source:            memtoreg (LATCH)
  Destination:       memtoreg (PAD)
  Source Clock:      Mram__n0091 falling

  Data Path: memtoreg to memtoreg
                                Gate     Net
    Cell:in->out      fanout   Delay   Delay  Logical Name (Net Name)
    ----------------------------------------  ------------
     LD:G->Q               1   0.472   0.279  memtoreg (memtoreg_OBUF)
     OBUF:I->O                 0.000          memtoreg_OBUF (memtoreg)
    ----------------------------------------
    Total                      0.751ns (0.472ns logic, 0.279ns route)
                                       (62.8% logic, 37.2% route)

=========================================================================

Cross Clock Domains Report:
--------------------------

Clock to Setup on destination clock Mram__n0091
---------------+---------+---------+---------+---------+
               | Src:Rise| Src:Fall| Src:Rise| Src:Fall|
Source Clock   |Dest:Rise|Dest:Rise|Dest:Fall|Dest:Fall|
---------------+---------+---------+---------+---------+
clk            |         |         |    1.102|         |
---------------+---------+---------+---------+---------+

Clock to Setup on destination clock Mram__n009111
---------------+---------+---------+---------+---------+
               | Src:Rise| Src:Fall| Src:Rise| Src:Fall|
Source Clock   |Dest:Rise|Dest:Rise|Dest:Fall|Dest:Fall|
---------------+---------+---------+---------+---------+
clk            |         |         |    1.102|         |
---------------+---------+---------+---------+---------+

Clock to Setup on destination clock Mram__n009113
---------------+---------+---------+---------+---------+
               | Src:Rise| Src:Fall| Src:Rise| Src:Fall|
Source Clock   |Dest:Rise|Dest:Rise|Dest:Fall|Dest:Fall|
---------------+---------+---------+---------+---------+
clk            |         |         |    1.102|         |
---------------+---------+---------+---------+---------+

Clock to Setup on destination clock Mram__n00913
---------------+---------+---------+---------+---------+
               | Src:Rise| Src:Fall| Src:Rise| Src:Fall|
Source Clock   |Dest:Rise|Dest:Rise|Dest:Fall|Dest:Fall|
---------------+---------+---------+---------+---------+
clk            |         |         |    1.098|         |
---------------+---------+---------+---------+---------+

Clock to Setup on destination clock Mram__n00917
---------------+---------+---------+---------+---------+
               | Src:Rise| Src:Fall| Src:Rise| Src:Fall|
Source Clock   |Dest:Rise|Dest:Rise|Dest:Fall|Dest:Fall|
---------------+---------+---------+---------+---------+
clk            |         |         |    1.102|         |
---------------+---------+---------+---------+---------+

Clock to Setup on destination clock Mram__n00919
---------------+---------+---------+---------+---------+
               | Src:Rise| Src:Fall| Src:Rise| Src:Fall|
Source Clock   |Dest:Rise|Dest:Rise|Dest:Fall|Dest:Fall|
---------------+---------+---------+---------+---------+
clk            |         |         |    1.102|         |
---------------+---------+---------+---------+---------+

Clock to Setup on destination clock clk
----------------------------------+---------+---------+---------+---------+
                                  | Src:Rise| Src:Fall| Src:Rise| Src:Fall|
Source Clock                      |Dest:Rise|Dest:Rise|Dest:Fall|Dest:Fall|
----------------------------------+---------+---------+---------+---------+
present_state[3]_GND_13_o_Mux_45_o|         |    0.763|         |         |
----------------------------------+---------+---------+---------+---------+

Clock to Setup on destination clock present_state[3]_GND_13_o_Mux_45_o
---------------+---------+---------+---------+---------+
               | Src:Rise| Src:Fall| Src:Rise| Src:Fall|
Source Clock   |Dest:Rise|Dest:Rise|Dest:Fall|Dest:Fall|
---------------+---------+---------+---------+---------+
clk            |         |         |    1.759|         |
---------------+---------+---------+---------+---------+

=========================================================================


Total REAL time to Xst completion: 10.00 secs
Total CPU time to Xst completion: 10.05 secs
 
--> 

Total memory usage is 4640820 kilobytes

Number of errors   :    0 (   0 filtered)
Number of warnings :   31 (   0 filtered)
Number of infos    :    2 (   0 filtered)

